c/sdcc_iy/fujinet.asm

c/fujinet_device_close_directory.c
c/fujinet_device_create_new.c
c/fujinet_device_disable_device.c
c/fujinet_device_enable_device.c
c/fujinet_device_get_adapter_config.c
c/fujinet_device_get_device_enabled_status.c
c/fujinet_device_get_device_filename.c
c/fujinet_device_get_device_slots.c
c/fujinet_device_get_host_slots.c
c/fujinet_device_get_scan_result.c
c/fujinet_device_get_ssid.c
c/fujinet_device_get_wifi_status.c
c/fujinet_device_mount_all.c
c/fujinet_device_mount_disk_image.c
c/fujinet_device_mount_host_slot.c
c/fujinet_device_open_directory.c
c/fujinet_device_put_device_slots.c
c/fujinet_device_put_host_slots.c
c/fujinet_device_read_directory.c
c/fujinet_device_reset.c
c/fujinet_device_scan_for_networks.c
c/fujinet_device_set_boot_config.c
c/fujinet_device_set_device_filename.c
c/fujinet_device_set_directory_position.c
c/fujinet_device_set_ssid.c
c/fujinet_device_umount_disk_image.c

c/fujinet_file_close.c
c/fujinet_file_open.c
c/fujinet_file_read.c
c/fujinet_file_status.c
c/fujinet_file_write.c

c/fujinet_disk_get_sector_size.c
c/fujinet_disk_read.c
c/fujinet_disk_write.c

c/fujinet_logical_device_type.c
c/fujinet_logical_device_unit.c
c/fujinet_logical_device_url.c

c/fujinet_modem_read.c
c/fujinet_modem_status.c
c/fujinet_modem_stream.c
c/fujinet_modem_write.c

c/fujinet_network_channel_mode.c
c/fujinet_network_close.c
c/fujinet_network_json_parse.c
c/fujinet_network_json_query.c
c/fujinet_network_login.c
c/fujinet_network_open.c
c/fujinet_network_read.c
c/fujinet_network_status.c
c/fujinet_network_write.c

c/fujinet_printer_stream.c
c/fujinet_printer_write.c
